[DEMO ONLY]
Username: bakinoh373@atinjo.com
Password: Bakinoh373
Time: 2026-01-14T06:06:04.197Z
---------------------------

[DEMO ONLY]
Username: babynomoney373@email.com
Password: babynomoney737
Time: 2026-01-14T06:06:28.738Z
---------------------------

[DEMO ONLY]
Username: poorguy123@rich.com
Password: babynomoney737
Time: 2026-01-14T06:06:45.404Z
---------------------------

[DEMO ONLY]
Username: moneyman@poor.com
Password: richkidsince1969
Time: 2026-01-14T06:07:07.911Z
---------------------------
